#
# There is insufficient memory for the Java Runtime Environment to continue.
# Native memory allocation (mmap) failed to map 335544320 bytes for G1 virtual space
# Possible reasons:
#   The system is out of physical RAM or swap space
#   The process is running with CompressedOops enabled, and the Java Heap may be blocking the growth of the native heap
# Possible solutions:
#   Reduce memory load on the system
#   Increase physical memory or swap space
#   Check if swap backing store is full
#   Decrease Java heap size (-Xmx/-Xms)
#   Decrease number of Java threads
#   Decrease Java thread stack sizes (-Xss)
#   Set larger code cache with -XX:ReservedCodeCacheSize=
#   JVM is running with Zero Based Compressed Oops mode in which the Java heap is
#     placed in the first 32GB address space. The Java Heap base address is the
#     maximum limit for the native heap growth. Please use -XX:HeapBaseMinAddress
#     to set the Java Heap base and to place the Java Heap above 32GB virtual address.
# This output file may be truncated or incomplete.
#
#  Out of Memory Error (os_windows.cpp:3603), pid=8528, tid=51104
#
# JRE version:  (21.0.8+12) (build )
# Java VM: Java HotSpot(TM) 64-Bit Server VM (21.0.8+12-LTS-250, mixed mode, sharing, tiered, compressed oops, compressed class ptrs, g1 gc, windows-amd64)
# No core dump will be written. Minidumps are not enabled by default on client versions of Windows
#

---------------  S U M M A R Y ------------

Command Line: -XX:+ShowCodeDetailsInExceptionMessages -agentlib:jdwp=transport=dt_socket,suspend=y,address=localhost:51906 -javaagent:C:\Users\karan\eclipse\jee-2025-06\eclipse\configuration\org.eclipse.osgi\442\0\.cp\lib\javaagent-shaded.jar -Dfile.encoding=UTF-8 -Dstdout.encoding=UTF-8 -Dstderr.encoding=UTF-8 com.server.HttpServer

Host: 11th Gen Intel(R) Core(TM) i7-1165G7 @ 2.80GHz, 8 cores, 19G,  Windows 11 , 64 bit Build 26100 (10.0.26100.4768)
Time: Sun Aug 31 14:34:36 2025 GMT Daylight Time elapsed time: 0.103164 seconds (0d 0h 0m 0s)

---------------  T H R E A D  ---------------

Current thread (0x000001e73f8bf6e0):  JavaThread "Unknown thread" [_thread_in_vm, id=51104, stack(0x00000084f7b00000,0x00000084f7c00000) (1024K)]

Stack: [0x00000084f7b00000,0x00000084f7c00000]
Native frames: (J=compiled Java code, j=interpreted, Vv=VM code, C=native code)
V  [jvm.dll+0x6cc179]
V  [jvm.dll+0x8584c1]
V  [jvm.dll+0x85a9ee]
V  [jvm.dll+0x85b0c3]
V  [jvm.dll+0x27ebf6]
V  [jvm.dll+0x6c88f5]
V  [jvm.dll+0x6bd45a]
V  [jvm.dll+0x354b1a]
V  [jvm.dll+0x35c796]
V  [jvm.dll+0x3af85e]
V  [jvm.dll+0x3afb08]
V  [jvm.dll+0x328e2c]
V  [jvm.dll+0x32998b]
V  [jvm.dll+0x821879]
V  [jvm.dll+0x3bc541]
V  [jvm.dll+0x80aaf8]
V  [jvm.dll+0x45172e]
V  [jvm.dll+0x453321]
C  [jli.dll+0x52a3]
C  [ucrtbase.dll+0x37b0]
C  [KERNEL32.DLL+0x2e8d7]
C  [ntdll.dll+0x3c34c]


---------------  P R O C E S S  ---------------

Threads class SMR info:
_java_thread_list=0x00007ffd87fbfc48, length=0, elements={
}

Java Threads: ( => current thread )
Total: 0

Other Threads:
  0x000001e73f9325a0 WorkerThread "GC Thread#0"                     [id=29660, stack(0x00000084f7c00000,0x00000084f7d00000) (1024K)]
  0x000001e73f9427f0 ConcurrentGCThread "G1 Main Marker"            [id=50764, stack(0x00000084f7d00000,0x00000084f7e00000) (1024K)]
  0x000001e73f931380 WorkerThread "G1 Conc#0"                       [id=54540, stack(0x00000084f7e00000,0x00000084f7f00000) (1024K)]

[error occurred during error reporting (printing all threads), id 0xc0000005, EXCEPTION_ACCESS_VIOLATION (0xc0000005) at pc=0x00007ffd8772b5b7]
VM state: not at safepoint (not fully initialized)

VM Mutex/Monitor currently owned by a thread:  ([mutex/lock_event])
[0x00007ffd88030f50] Heap_lock - owner thread: 0x000001e73f8bf6e0

Heap address: 0x00000006c3400000, size: 5068 MB, Compressed Oops mode: Zero based, Oop shift amount: 3

CDS archive(s) mapped at: [0x0000000000000000-0x0000000000000000-0x0000000000000000), size 0, SharedBaseAddress: 0x0000000800000000, ArchiveRelocationMode: 1.
Narrow klass base: 0x0000000000000000, Narrow klass shift: 0, Narrow klass range: 0x0

GC Precious Log:
 CardTable entry size: 512
 Card Set container configuration: InlinePtr #cards 4 size 8 Array Of Cards #cards 32 size 80 Howl #buckets 8 coarsen threshold 7372 Howl Bitmap #cards 1024 size 144 coarsen threshold 921 Card regions per heap region 1 cards per card region 8192

Heap:
 garbage-first heap   total 0K, used 0K [0x00000006c3400000, 0x0000000800000000)
  region size 4096K, 0 young (0K), 0 survivors (0K)

[error occurred during error reporting (printing heap information), id 0xc0000005, EXCEPTION_ACCESS_VIOLATION (0xc0000005) at pc=0x00007ffd87b151e9]
GC Heap History (0 events):
No events

Dll operation events (1 events):
Event: 0.068 Loaded shared library C:\Program Files\Java\jdk-21\bin\java.dll

Deoptimization events (0 events):
No events

Classes loaded (0 events):
No events

Classes unloaded (0 events):
No events

Classes redefined (0 events):
No events

Internal exceptions (0 events):
No events

ZGC Phase Switch (0 events):
No events

VM Operations (0 events):
No events

Events (0 events):
No events


Dynamic libraries:
0x00007ff617250000 - 0x00007ff617260000 	C:\Program Files\Java\jdk-21\bin\javaw.exe
0x00007ffe2d500000 - 0x00007ffe2d767000 	C:\WINDOWS\SYSTEM32\ntdll.dll
0x00007ffe158e0000 - 0x00007ffe15900000 	C:\Program Files\AVG\Antivirus\aswhook.dll
0x00007ffe2bdb0000 - 0x00007ffe2be79000 	C:\WINDOWS\System32\KERNEL32.DLL
0x00007ffe2a840000 - 0x00007ffe2ac30000 	C:\WINDOWS\System32\KERNELBASE.dll
0x00007ffe2a6c0000 - 0x00007ffe2a80b000 	C:\WINDOWS\System32\ucrtbase.dll
0x00007ffe0ed40000 - 0x00007ffe0ed59000 	C:\Program Files\Java\jdk-21\bin\jli.dll
0x00007ffe2b810000 - 0x00007ffe2b8c4000 	C:\WINDOWS\System32\ADVAPI32.dll
0x00007ffe2c510000 - 0x00007ffe2c5b9000 	C:\WINDOWS\System32\msvcrt.dll
0x00007ffe2bc80000 - 0x00007ffe2bd26000 	C:\WINDOWS\System32\sechost.dll
0x00007ffe2c3f0000 - 0x00007ffe2c508000 	C:\WINDOWS\System32\RPCRT4.dll
0x00007ffe2b9c0000 - 0x00007ffe2bb85000 	C:\WINDOWS\System32\USER32.dll
0x00007ffe2a810000 - 0x00007ffe2a837000 	C:\WINDOWS\System32\win32u.dll
0x00007ffe2d270000 - 0x00007ffe2d29b000 	C:\WINDOWS\System32\GDI32.dll
0x00007ffe2afd0000 - 0x00007ffe2b108000 	C:\WINDOWS\System32\gdi32full.dll
0x00007ffe08540000 - 0x00007ffe0855b000 	C:\Program Files\Java\jdk-21\bin\VCRUNTIME140.dll
0x00007ffe2ac40000 - 0x00007ffe2ace3000 	C:\WINDOWS\System32\msvcp_win.dll
0x00007ffe09050000 - 0x00007ffe092ea000 	C:\WINDOWS\WinSxS\amd64_microsoft.windows.common-controls_6595b64144ccf1df_6.0.26100.4768_none_3e0c112ce331287c\COMCTL32.dll
0x00007ffe192b0000 - 0x00007ffe192bb000 	C:\WINDOWS\SYSTEM32\VERSION.dll
0x00007ffe2d2a0000 - 0x00007ffe2d2cf000 	C:\WINDOWS\System32\IMM32.DLL
0x00007ffe17800000 - 0x00007ffe1780c000 	C:\Program Files\Java\jdk-21\bin\vcruntime140_1.dll
0x00007ffdd5a30000 - 0x00007ffdd5abe000 	C:\Program Files\Java\jdk-21\bin\msvcp140.dll
0x00007ffd873f0000 - 0x00007ffd8810d000 	C:\Program Files\Java\jdk-21\bin\server\jvm.dll
0x00007ffe2b8e0000 - 0x00007ffe2b954000 	C:\WINDOWS\System32\WS2_32.dll
0x00007ffe2a490000 - 0x00007ffe2a4ee000 	C:\WINDOWS\SYSTEM32\POWRPROF.dll
0x00007ffe206e0000 - 0x00007ffe20715000 	C:\WINDOWS\SYSTEM32\WINMM.dll
0x00007ffe2a470000 - 0x00007ffe2a484000 	C:\WINDOWS\SYSTEM32\UMPDC.dll
0x00007ffe293b0000 - 0x00007ffe293cb000 	C:\WINDOWS\SYSTEM32\kernel.appcore.dll
0x00007ffe175b0000 - 0x00007ffe175ba000 	C:\Program Files\Java\jdk-21\bin\jimage.dll
0x00007ffe26f20000 - 0x00007ffe27161000 	C:\WINDOWS\SYSTEM32\DBGHELP.DLL
0x00007ffe2c5c0000 - 0x00007ffe2c945000 	C:\WINDOWS\System32\combase.dll
0x00007ffe2bb90000 - 0x00007ffe2bc70000 	C:\WINDOWS\System32\OLEAUT32.dll
0x00007ffe18d60000 - 0x00007ffe18da3000 	C:\WINDOWS\SYSTEM32\dbgcore.DLL
0x00007ffe2af30000 - 0x00007ffe2afc9000 	C:\WINDOWS\System32\bcryptPrimitives.dll
0x00007ffdeced0000 - 0x00007ffdecf0c000 	C:\Program Files\Java\jdk-21\bin\jdwp.dll
0x00007ffe16960000 - 0x00007ffe1696f000 	C:\Program Files\Java\jdk-21\bin\instrument.dll
0x00007ffe00a80000 - 0x00007ffe00a9f000 	C:\Program Files\Java\jdk-21\bin\java.dll

dbghelp: loaded successfully - version: 4.0.5 - missing functions: none
symbol engine: initialized successfully - sym options: 0x614 - pdb path: .;C:\Program Files\Java\jdk-21\bin;C:\WINDOWS\SYSTEM32;C:\Program Files\AVG\Antivirus;C:\WINDOWS\WinSxS\amd64_microsoft.windows.common-controls_6595b64144ccf1df_6.0.26100.4768_none_3e0c112ce331287c;C:\Program Files\Java\jdk-21\bin\server

VM Arguments:
jvm_args: -XX:+ShowCodeDetailsInExceptionMessages -agentlib:jdwp=transport=dt_socket,suspend=y,address=localhost:51906 -javaagent:C:\Users\karan\eclipse\jee-2025-06\eclipse\configuration\org.eclipse.osgi\442\0\.cp\lib\javaagent-shaded.jar -Dfile.encoding=UTF-8 -Dstdout.encoding=UTF-8 -Dstderr.encoding=UTF-8 
java_command: com.server.HttpServer
java_class_path (initial): C:\Users\karan\OneDrive - Reading School\Computer Science NEA - Karan Singh\coderepository\GraphTheoryVisualizer\bin;C:\Users\karan\OneDrive - Reading School\Computer Science NEA - Karan Singh\coderepository\GraphTheoryVisualizer\src\lib\jackson-annotations-2.20-rc1.jar;C:\Users\karan\OneDrive - Reading School\Computer Science NEA - Karan Singh\coderepository\GraphTheoryVisualizer\src\lib\jackson-core-2.20.0-rc1.jar;C:\Users\karan\OneDrive - Reading School\Computer Science NEA - Karan Singh\coderepository\GraphTheoryVisualizer\src\lib\jackson-databind-2.20.0-rc1.jar
Launcher Type: SUN_STANDARD

[Global flags]
     intx CICompilerCount                          = 4                                         {product} {ergonomic}
     uint ConcGCThreads                            = 2                                         {product} {ergonomic}
     uint G1ConcRefinementThreads                  = 8                                         {product} {ergonomic}
   size_t G1HeapRegionSize                         = 4194304                                   {product} {ergonomic}
    uintx GCDrainStackTargetSize                   = 64                                        {product} {ergonomic}
   size_t InitialHeapSize                          = 335544320                                 {product} {ergonomic}
   size_t MarkStackSize                            = 4194304                                   {product} {ergonomic}
   size_t MaxHeapSize                              = 5314183168                                {product} {ergonomic}
   size_t MinHeapDeltaBytes                        = 4194304                                   {product} {ergonomic}
   size_t MinHeapSize                              = 8388608                                   {product} {ergonomic}
    uintx NonNMethodCodeHeapSize                   = 5839372                                {pd product} {ergonomic}
    uintx NonProfiledCodeHeapSize                  = 122909434                              {pd product} {ergonomic}
    uintx ProfiledCodeHeapSize                     = 122909434                              {pd product} {ergonomic}
    uintx ReservedCodeCacheSize                    = 251658240                              {pd product} {ergonomic}
     bool SegmentedCodeCache                       = true                                      {product} {ergonomic}
     bool ShowCodeDetailsInExceptionMessages       = true                                   {manageable} {command line}
   size_t SoftMaxHeapSize                          = 5314183168                             {manageable} {ergonomic}
     bool UseCompressedOops                        = true                           {product lp64_product} {ergonomic}
     bool UseG1GC                                  = true                                      {product} {ergonomic}
     bool UseLargePagesIndividualAllocation        = false                                  {pd product} {ergonomic}

Logging:
Log output configuration:
 #0: stdout all=warning uptime,level,tags foldmultilines=false
 #1: stderr all=off uptime,level,tags foldmultilines=false

Environment Variables:
JAVA_HOME=C:\Program Files\Java\jdk-21
PATH=C:/Users/karan/.p2/pool/plugins/org.eclipse.justj.openjdk.hotspot.jre.full.win32.x86_64_21.0.7.v20250502-0916/jre/bin/server;C:/Users/karan/.p2/pool/plugins/org.eclipse.justj.openjdk.hotspot.jre.full.win32.x86_64_21.0.7.v20250502-0916/jre/bin;C:\Program Files\Microsoft SDKs\Azure\CLI2\wbin;C:\Program Files\Eclipse Foundation\jdk-16.0.2.7-hotspot\bin;C:\Program Files\Eclipse Adoptium\jre-11.0.21.9-hotspot\bin;C:\Program Files\Common Files\Oracle\Java\javapath;C:\Program Files (x86)\Common Files\Oracle\Java\javapath;C:\WINDOWS\system32;C:\WINDOWS;C:\WINDOWS\System32\Wbem;C:\WINDOWS\System32\WindowsPowerShell\v1.0\;C:\WINDOWS\System32\OpenSSH\;C:\Program Files\Amazon\AWSCLIV2\;C:\Program Files\dotnet\;C:\Program Files\Microsoft SQL Server\150\Tools\Binn\;C:\Program Files\Microsoft SQL Server\Client SDK\ODBC\170\Tools\Binn\;C:\Program Files\Wolfram Research\WolframScript\;C:\Program Files\nodejs\;C:\Program Files\Git\cmd;C:\Program Files\TortoiseGit\bin;C:\Users\karan\AppData\Roaming\local\bin;C:\Users\karan\AppData\Local\Microsoft\WindowsApps;C:\Users\karan\.dotnet\tools;C:\ghcup\bin;C:\Users\karan\AppData\Local\Programs\Microsoft VS Code\bin;C:\Users\karan\AppData\Local\GitHubDesktop\bin;C:\Users\karan\AppData\Roaming\npm;C:\Users\karan\AppData\Local\Microsoft\WinGet\Packages\OCaml.opam_Microsoft.Winget.Source_8wekyb3d8bbwe;;C:\WINDOWS\system32;
USERNAME=karan
OS=Windows_NT
PROCESSOR_IDENTIFIER=Intel64 Family 6 Model 140 Stepping 1, GenuineIntel
TMP=C:\Users\karan\AppData\Local\Temp
TEMP=C:\Users\karan\AppData\Local\Temp




Periodic native trim disabled

---------------  S Y S T E M  ---------------

OS:
 Windows 11 , 64 bit Build 26100 (10.0.26100.4768)
OS uptime: 5 days 15:00 hours
Hyper-V role detected

CPU: total 8 (initial active 8) (4 cores per cpu, 2 threads per core) family 6 model 140 stepping 1 microcode 0xaa, cx8, cmov, fxsr, ht, mmx, 3dnowpref, sse, sse2, sse3, ssse3, sse4.1, sse4.2, popcnt, lzcnt, tsc, tscinvbit, avx, avx2, aes, erms, clmul, bmi1, bmi2, adx, avx512f, avx512dq, avx512cd, avx512bw, avx512vl, sha, fma, vzeroupper, avx512_vpopcntdq, avx512_vpclmulqdq, avx512_vaes, avx512_vnni, clflush, clflushopt, clwb, avx512_vbmi2, avx512_vbmi, hv, rdtscp, rdpid, fsrm, gfni, avx512_bitalg, f16c, cet_ibt, cet_ss, avx512_ifma
Processor Information for all 8 processors :
  Max Mhz: 2803, Current Mhz: 2803, Mhz Limit: 2803

Memory: 4k page, system-wide physical 20263M (816M free)
TotalPageFile size 45681M (AvailPageFile size 213M)
current process WorkingSet (physical memory assigned to process): 13M, peak: 13M
current process commit charge ("private bytes"): 60M, peak: 380M

vm_info: Java HotSpot(TM) 64-Bit Server VM (21.0.8+12-LTS-250) for windows-amd64 JRE (21.0.8+12-LTS-250), built on 2025-06-27T08:11:22Z by "mach5one" with MS VC++ 17.6 (VS2022)

END.
